../Core/Src/main.c:79:5:main	144	static
../Core/Src/main.c:174:6:SystemClock_Config	96	static
../Core/Src/main.c:220:13:MX_ADC_Init	24	static
../Core/Src/main.c:282:13:MX_I2C1_Init	8	static
../Core/Src/main.c:330:13:MX_USART1_UART_Init	8	static
../Core/Src/main.c:365:13:MX_USART2_UART_Init	8	static
../Core/Src/main.c:398:13:MX_DMA_Init	16	static
../Core/Src/main.c:416:13:MX_GPIO_Init	48	static
../Core/Src/main.c:440:5:_write	24	static
../Core/Src/main.c:445:6:map	24	static
../Core/Src/main.c:449:6:I2C_Scanner	32	static
../Core/Src/main.c:463:6:Error_Handler	8	static,ignoring_inline_asm
